nohup: ignoring input
/home/isaco/sefareshat_project/env/lib/python3.12/site-packages/django/db/backends/utils.py:98: RuntimeWarning: Accessing the database during app initialization is discouraged. To fix this warning, avoid executing queries in AppConfig.ready() or when your app modules are imported.
  warnings.warn(self.APPS_NOT_READY_WARNING_MSG, category=RuntimeWarning)
/home/isaco/sefareshat_project/env/lib/python3.12/site-packages/django/db/backends/utils.py:98: RuntimeWarning: Accessing the database during app initialization is discouraged. To fix this warning, avoid executing queries in AppConfig.ready() or when your app modules are imported.
  warnings.warn(self.APPS_NOT_READY_WARNING_MSG, category=RuntimeWarning)
Watching for file changes with StatReloader
/home/isaco/sefareshat_project/products/views.py changed, reloading.
Performing system checks...

System check identified no issues (0 silenced).
October 16, 2025 - 12:50:16
Django version 5.2.4, using settings 'sefareshat_project.settings'
Starting development server at http://0.0.0.0:8000/
Quit the server with CONTROL-C.

WARNING: This is a development server. Do not use it in a production setting. Use a production WSGI or ASGI server instead.
For more information on production servers see: https://docs.djangoproject.com/en/5.2/howto/deployment/
/home/isaco/sefareshat_project/env/lib/python3.12/site-packages/django/db/backends/utils.py:98: RuntimeWarning: Accessing the database during app initialization is discouraged. To fix this warning, avoid executing queries in AppConfig.ready() or when your app modules are imported.
  warnings.warn(self.APPS_NOT_READY_WARNING_MSG, category=RuntimeWarning)
Watching for file changes with StatReloader
[16/Oct/2025 12:53:46] "GET / HTTP/1.0" 302 0
[16/Oct/2025 12:54:25] "GET / HTTP/1.0" 302 0
Internal Server Error: /accounting/invoice-settlement/
Traceback (most recent call last):
  File "/home/isaco/sefareshat_project/env/lib/python3.12/site-packages/django/core/handlers/exception.py", line 55, in inner
    response = get_response(request)
               ^^^^^^^^^^^^^^^^^^^^^
  File "/home/isaco/sefareshat_project/env/lib/python3.12/site-packages/django/core/handlers/base.py", line 197, in _get_response
    response = wrapped_callback(request, *callback_args, **callback_kwargs)
               ^^^^^^^^^^^^^^^^^^^^^^^^^^^^^^^^^^^^^^^^^^^^^^^^^^^^^^^^^^^^
  File "/home/isaco/sefareshat_project/env/lib/python3.12/site-packages/django/contrib/auth/decorators.py", line 59, in _view_wrapper
    return view_func(request, *args, **kwargs)
           ^^^^^^^^^^^^^^^^^^^^^^^^^^^^^^^^^^^
  File "/home/isaco/sefareshat_project/products/views.py", line 717, in _wrapped_view
    return view_func(request, *args, **kwargs)
           ^^^^^^^^^^^^^^^^^^^^^^^^^^^^^^^^^^^
  File "/home/isaco/sefareshat_project/products/views.py", line 4602, in invoice_settlement_view
    from .persian_calendar import gregorian_to_jalali, gregorian_to_jalali_farsi
ModuleNotFoundError: No module named 'products.persian_calendar'
[16/Oct/2025 12:54:29] "GET /accounting/invoice-settlement/ HTTP/1.0" 500 120240
Internal Server Error: /accounting/invoice-settlement/
Traceback (most recent call last):
  File "/home/isaco/sefareshat_project/env/lib/python3.12/site-packages/django/core/handlers/exception.py", line 55, in inner
    response = get_response(request)
               ^^^^^^^^^^^^^^^^^^^^^
  File "/home/isaco/sefareshat_project/env/lib/python3.12/site-packages/django/core/handlers/base.py", line 197, in _get_response
    response = wrapped_callback(request, *callback_args, **callback_kwargs)
               ^^^^^^^^^^^^^^^^^^^^^^^^^^^^^^^^^^^^^^^^^^^^^^^^^^^^^^^^^^^^
  File "/home/isaco/sefareshat_project/env/lib/python3.12/site-packages/django/contrib/auth/decorators.py", line 59, in _view_wrapper
    return view_func(request, *args, **kwargs)
           ^^^^^^^^^^^^^^^^^^^^^^^^^^^^^^^^^^^
  File "/home/isaco/sefareshat_project/products/views.py", line 717, in _wrapped_view
    return view_func(request, *args, **kwargs)
           ^^^^^^^^^^^^^^^^^^^^^^^^^^^^^^^^^^^
  File "/home/isaco/sefareshat_project/products/views.py", line 4602, in invoice_settlement_view
    from .persian_calendar import gregorian_to_jalali, gregorian_to_jalali_farsi
ModuleNotFoundError: No module named 'products.persian_calendar'
[16/Oct/2025 12:54:32] "GET /accounting/invoice-settlement/ HTTP/1.0" 500 119975
/home/isaco/sefareshat_project/products/views.py changed, reloading.
Performing system checks...

System check identified no issues (0 silenced).
October 16, 2025 - 12:52:57
Django version 5.2.4, using settings 'sefareshat_project.settings'
Starting development server at http://0.0.0.0:8000/
Quit the server with CONTROL-C.

WARNING: This is a development server. Do not use it in a production setting. Use a production WSGI or ASGI server instead.
For more information on production servers see: https://docs.djangoproject.com/en/5.2/howto/deployment/
/home/isaco/sefareshat_project/env/lib/python3.12/site-packages/django/db/backends/utils.py:98: RuntimeWarning: Accessing the database during app initialization is discouraged. To fix this warning, avoid executing queries in AppConfig.ready() or when your app modules are imported.
  warnings.warn(self.APPS_NOT_READY_WARNING_MSG, category=RuntimeWarning)
Watching for file changes with StatReloader
[16/Oct/2025 12:54:50] "GET /accounting/invoice-settlement/ HTTP/1.0" 200 245486
[16/Oct/2025 12:54:50] "GET /api/settlement-draft/get/?work_date=2025-10-16 HTTP/1.0" 200 237
[16/Oct/2025 12:54:55] "GET /api/settlement-draft/get/?work_date=2025-10-16 HTTP/1.0" 200 237
[16/Oct/2025 12:55:13] "GET /api/settlement-draft/get/?work_date=2025-10-15 HTTP/1.0" 200 237
[16/Oct/2025 12:56:17] "GET / HTTP/1.0" 302 0
[16/Oct/2025 12:56:19] "GET /api/settlement-draft/get/?work_date=2025-10-16 HTTP/1.0" 200 237
[16/Oct/2025 12:56:23] "GET /api/settlement-draft/get/?work_date=2025-10-17 HTTP/1.0" 200 237
/home/isaco/sefareshat_project/products/models.py changed, reloading.
Performing system checks...

System check identified no issues (0 silenced).
October 16, 2025 - 12:54:49
Django version 5.2.4, using settings 'sefareshat_project.settings'
Starting development server at http://0.0.0.0:8000/
Quit the server with CONTROL-C.

WARNING: This is a development server. Do not use it in a production setting. Use a production WSGI or ASGI server instead.
For more information on production servers see: https://docs.djangoproject.com/en/5.2/howto/deployment/
/home/isaco/sefareshat_project/env/lib/python3.12/site-packages/django/db/backends/utils.py:98: RuntimeWarning: Accessing the database during app initialization is discouraged. To fix this warning, avoid executing queries in AppConfig.ready() or when your app modules are imported.
  warnings.warn(self.APPS_NOT_READY_WARNING_MSG, category=RuntimeWarning)
Watching for file changes with StatReloader
/home/isaco/sefareshat_project/products/views.py changed, reloading.
Performing system checks...

System check identified no issues (0 silenced).
October 16, 2025 - 12:57:22
Django version 5.2.4, using settings 'sefareshat_project.settings'
Starting development server at http://0.0.0.0:8000/
Quit the server with CONTROL-C.

WARNING: This is a development server. Do not use it in a production setting. Use a production WSGI or ASGI server instead.
For more information on production servers see: https://docs.djangoproject.com/en/5.2/howto/deployment/
/home/isaco/sefareshat_project/env/lib/python3.12/site-packages/django/db/backends/utils.py:98: RuntimeWarning: Accessing the database during app initialization is discouraged. To fix this warning, avoid executing queries in AppConfig.ready() or when your app modules are imported.
  warnings.warn(self.APPS_NOT_READY_WARNING_MSG, category=RuntimeWarning)
Watching for file changes with StatReloader
